Input Notebook:  /mnt/data3/GraphMamba/notebooks/training.ipynb
Output Notebook: /mnt/data3/GraphMamba/output/notebooks/training_20260711T233211Z.ipynb
/home/kyo/.local/lib/python3.10/site-packages/nbformat/__init__.py:96: MissingIDFieldWarning: Cell is missing an id field, this will become a hard error in future nbformat versions. You may want to use `normalize()` on your notebooks before validations (available since nbformat 5.1.4). Previous versions of nbformat are fixing this issue transparently, and will stop doing so in the future.
  validate(nb)
Executing:   0%|          | 0/6 [00:00<?, ?cell/s]Executing notebook with kernel: python3
Executing:  17%|█▋        | 1/6 [00:01<00:05,  1.04s/cell]Executing:  50%|█████     | 3/6 [00:05<00:05,  1.77s/cell]Executing:  67%|██████▋   | 4/6 [00:29<00:19,  9.67s/cell]Executing:  83%|████████▎ | 5/6 [09:49<03:11, 191.78s/cell]Executing:  83%|████████▎ | 5/6 [09:53<01:58, 118.62s/cell]
Traceback (most recent call last):
  File "/mnt/data2/kyo/.mamba/envs/Prithvi/bin/papermill", line 10, in <module>
    sys.exit(papermill())
  File "/mnt/data2/kyo/.mamba/envs/Prithvi/lib/python3.10/site-packages/click/core.py", line 1485, in __call__
    return self.main(*args, **kwargs)
  File "/mnt/data2/kyo/.mamba/envs/Prithvi/lib/python3.10/site-packages/click/core.py", line 1406, in main
    rv = self.invoke(ctx)
  File "/mnt/data2/kyo/.mamba/envs/Prithvi/lib/python3.10/site-packages/click/core.py", line 1269, in invoke
    return ctx.invoke(self.callback, **ctx.params)
  File "/mnt/data2/kyo/.mamba/envs/Prithvi/lib/python3.10/site-packages/click/core.py", line 824, in invoke
    return callback(*args, **kwargs)
  File "/mnt/data2/kyo/.mamba/envs/Prithvi/lib/python3.10/site-packages/click/decorators.py", line 34, in new_func
    return f(get_current_context(), *args, **kwargs)
  File "/mnt/data2/kyo/.mamba/envs/Prithvi/lib/python3.10/site-packages/papermill/cli.py", line 235, in papermill
    execute_notebook(
  File "/mnt/data2/kyo/.mamba/envs/Prithvi/lib/python3.10/site-packages/papermill/execute.py", line 131, in execute_notebook
    raise_for_execution_errors(nb, output_path)
  File "/mnt/data2/kyo/.mamba/envs/Prithvi/lib/python3.10/site-packages/papermill/execute.py", line 251, in raise_for_execution_errors
    raise error
papermill.exceptions.PapermillExecutionError:
---------------------------------------------------------------------------
Exception encountered at "In [4]":
---------------------------------------------------------------------------
NotImplementedError                       Traceback (most recent call last)
Cell In[4], line 3
      1 from graphmamba.train import train
----> 3 result = train(config)
      4 print(json.dumps({
      5     'best_model': result['best_model'],
      6     'last_model': result['last_model'],
   (...)
     15     'test': result['test'],
     16 }, indent=2))

File /mnt/data3/GraphMamba/src/graphmamba/train.py:586, in train(config)
    584 optimizer.zero_grad(set_to_none=True)
    585 with _autocast(device, amp_enabled, amp_dtype):
--> 586     pred = model(x, dt)
    587     loss = masked_loss(
    588         pred,
    589         y,
   (...)
    592         float(train_cfg.get("huber_delta", 1.0)),
    593     )
    594 scaler.scale(loss).backward()

File /mnt/data2/kyo/.mamba/envs/Prithvi/lib/python3.10/site-packages/torch/nn/modules/module.py:1775, in Module._wrapped_call_impl(self, *args, **kwargs)
   1773     return self._compiled_call_impl(*args, **kwargs)  # type: ignore[misc]
   1774 else:
-> 1775     return self._call_impl(*args, **kwargs)

File /mnt/data2/kyo/.mamba/envs/Prithvi/lib/python3.10/site-packages/torch/nn/modules/module.py:1786, in Module._call_impl(self, *args, **kwargs)
   1781 # If we don't have any hooks, we want to skip the rest of the logic in
   1782 # this function, and just call forward.
   1783 if not (self._backward_hooks or self._backward_pre_hooks or self._forward_hooks or self._forward_pre_hooks
   1784         or _global_backward_pre_hooks or _global_backward_hooks
   1785         or _global_forward_hooks or _global_forward_pre_hooks):
-> 1786     return forward_call(*args, **kwargs)
   1788 result = None
   1789 called_always_called_hooks = set()

File /mnt/data2/kyo/.mamba/envs/Prithvi/lib/python3.10/site-packages/torch/nn/parallel/data_parallel.py:194, in DataParallel.forward(self, *inputs, **kwargs)
    192     return self.module(*inputs[0], **module_kwargs[0])
    193 replicas = self.replicate(self.module, self.device_ids[: len(inputs)])
--> 194 outputs = self.parallel_apply(replicas, inputs, module_kwargs)
    195 return self.gather(outputs, self.output_device)

File /mnt/data2/kyo/.mamba/envs/Prithvi/lib/python3.10/site-packages/torch/nn/parallel/data_parallel.py:213, in DataParallel.parallel_apply(self, replicas, inputs, kwargs)
    210 def parallel_apply(
    211     self, replicas: Sequence[T], inputs: Sequence[Any], kwargs: Any
    212 ) -> list[Any]:
--> 213     return parallel_apply(
    214         replicas, inputs, kwargs, self.device_ids[: len(replicas)]
    215     )

File /mnt/data2/kyo/.mamba/envs/Prithvi/lib/python3.10/site-packages/torch/nn/parallel/parallel_apply.py:129, in parallel_apply(modules, inputs, kwargs_tup, devices)
    127     output = results[i]
    128     if isinstance(output, ExceptionWrapper):
--> 129         output.reraise()
    130     outputs.append(output)
    131 return outputs

File /mnt/data2/kyo/.mamba/envs/Prithvi/lib/python3.10/site-packages/torch/_utils.py:769, in ExceptionWrapper.reraise(self)
    765 except Exception:
    766     # If the exception takes multiple arguments or otherwise can't
    767     # be constructed, don't try to instantiate since we don't know how to
    768     raise RuntimeError(msg) from None
--> 769 raise exception

NotImplementedError: Caught NotImplementedError in replica 0 on device 0.
Original Traceback (most recent call last):
  File "/mnt/data2/kyo/.mamba/envs/Prithvi/lib/python3.10/site-packages/torch/nn/parallel/parallel_apply.py", line 99, in _worker
    output = module(*input, **kwargs)
  File "/mnt/data2/kyo/.mamba/envs/Prithvi/lib/python3.10/site-packages/torch/nn/modules/module.py", line 1775, in _wrapped_call_impl
    return self._call_impl(*args, **kwargs)
  File "/mnt/data2/kyo/.mamba/envs/Prithvi/lib/python3.10/site-packages/torch/nn/modules/module.py", line 1786, in _call_impl
    return forward_call(*args, **kwargs)
  File "/mnt/data3/GraphMamba/src/graphmamba/model.py", line 191, in forward
    return self.predictor(x, dt, self.adj, self.order, self.inverse_order)
  File "/mnt/data2/kyo/.mamba/envs/Prithvi/lib/python3.10/site-packages/torch/nn/modules/module.py", line 1775, in _wrapped_call_impl
    return self._call_impl(*args, **kwargs)
  File "/mnt/data2/kyo/.mamba/envs/Prithvi/lib/python3.10/site-packages/torch/nn/modules/module.py", line 1786, in _call_impl
    return forward_call(*args, **kwargs)
  File "/mnt/data3/GraphMamba/src/graphmamba/model.py", line 158, in forward
    h_t = layer(h_t, adj, order, inverse_order)
  File "/mnt/data2/kyo/.mamba/envs/Prithvi/lib/python3.10/site-packages/torch/nn/modules/module.py", line 1775, in _wrapped_call_impl
    return self._call_impl(*args, **kwargs)
  File "/mnt/data2/kyo/.mamba/envs/Prithvi/lib/python3.10/site-packages/torch/nn/modules/module.py", line 1786, in _call_impl
    return forward_call(*args, **kwargs)
  File "/mnt/data3/GraphMamba/src/graphmamba/model.py", line 103, in forward
    graph_messages.append(torch.sparse.mm(adj, item))
NotImplementedError: "addmm_sparse_cuda" not implemented for 'Half'


Papermill exited with status 1
